-- Test the input function
BEGIN;
CREATE EXTENSION conda_pgsql_rust_ext;
SELECT '1.2.3'::condaversion;
 condaversion 
--------------
 1.2.3
(1 row)

ROLLBACK;
