BEGIN;
CREATE EXTENSION conda_pgsql_rust_ext;
CREATE TABLE versions (
    version condaversion
);
INSERT INTO versions(version) VALUES('10');
INSERT INTO versions(version) VALUES('1');
INSERT INTO versions(version) VALUES('3');
INSERT INTO versions(version) VALUES('9');
INSERT INTO versions(version) VALUES('5');
INSERT INTO versions(version) VALUES('10');
INSERT INTO versions(version) VALUES('6');
SELECT max(version) FROM versions;
 max 
-----
 10
(1 row)

ROLLBACK;
