BEGIN;
CREATE EXTENSION conda_pgsql_rust_ext;
SELECT NULL::condaversion;
 condaversion 
--------------
 
(1 row)

ROLLBACK;
