CREATE EXTENSION condaversion;
SELECT '1.0.0'::condaversion = '1.0.0'::condaversion;
 ?column? 
----------
 t
(1 row)

-- Just to prove that we are not comparing strings. This will be true.
SELECT '1.0'::condaversion = '1.0.0'::condaversion;
 ?column? 
----------
 t
(1 row)

SELECT '1.2.3'::condaversion > '4.5'::condaversion;
 ?column? 
----------
 f
(1 row)

SELECT '4.5'::condaversion > '4.5'::condaversion;
 ?column? 
----------
 f
(1 row)

SELECT '6.7'::condaversion > '4.5'::condaversion;
 ?column? 
----------
 t
(1 row)

SELECT '1.2.3'::condaversion >= '4.5'::condaversion;
 ?column? 
----------
 f
(1 row)

SELECT '4.5'::condaversion >= '4.5'::condaversion;
 ?column? 
----------
 t
(1 row)

SELECT '6.7'::condaversion >= '4.5'::condaversion;
 ?column? 
----------
 t
(1 row)

SELECT '1.2.3'::condaversion < '4.5'::condaversion;
 ?column? 
----------
 t
(1 row)

SELECT '4.5'::condaversion < '4.5'::condaversion;
 ?column? 
----------
 f
(1 row)

SELECT '6.7'::condaversion < '4.5'::condaversion;
 ?column? 
----------
 f
(1 row)

SELECT '1.2.3'::condaversion <= '4.5'::condaversion;
 ?column? 
----------
 t
(1 row)

SELECT '4.5'::condaversion <= '4.5'::condaversion;
 ?column? 
----------
 t
(1 row)

SELECT '6.7'::condaversion <= '4.5'::condaversion;
 ?column? 
----------
 f
(1 row)

SELECT '1.2.3'::condaversion != '4.5'::condaversion;
 ?column? 
----------
 t
(1 row)

SELECT '4.5'::condaversion != '4.5'::condaversion;
 ?column? 
----------
 f
(1 row)

SELECT '6.7'::condaversion != '4.5'::condaversion;
 ?column? 
----------
 t
(1 row)

SELECT '1.2.3'::condaversion = '4.5'::condaversion;
 ?column? 
----------
 f
(1 row)

SELECT '4.5'::condaversion = '4.5'::condaversion;
 ?column? 
----------
 t
(1 row)

SELECT '6.7'::condaversion = '4.5'::condaversion;
 ?column? 
----------
 f
(1 row)

